[2026-08-22T03:07:35.879Z] [INGEST_BATCH] {"count":3}
[2026-08-22T03:07:35.889Z] [TRIAGE_COMPLETE] {"processingTimeMs":10,"topItemId":"evt_1787368055884_ngkjs"}
[2026-08-22T03:45:19.275Z] [INGEST_BATCH] {"count":3}
[2026-08-22T03:45:19.302Z] [TRIAGE_COMPLETE] {"processingTimeMs":28,"topItemId":"evt_1787370319285_70ogb"}
[2026-08-22T03:45:20.628Z] [INGEST_BATCH] {"count":3}
[2026-08-22T03:45:20.632Z] [TRIAGE_COMPLETE] {"processingTimeMs":4,"topItemId":"evt_1787370320629_4aoms"}
[2026-08-22T03:45:34.231Z] [INGEST_BATCH] {"count":3}
[2026-08-22T03:45:34.238Z] [TRIAGE_COMPLETE] {"processingTimeMs":6,"topItemId":"evt_1787370334233_ygm5q"}
[2026-08-22T03:49:08.565Z] [INGEST_BATCH] {"count":3}
[2026-08-22T03:49:08.570Z] [TRIAGE_COMPLETE] {"processingTimeMs":5,"topItemId":"evt_1787370548567_2drsd"}
[2026-08-22T03:49:20.239Z] [INGEST_BATCH] {"count":3}
[2026-08-22T03:49:20.242Z] [TRIAGE_COMPLETE] {"processingTimeMs":3,"topItemId":"evt_1787370560240_rigz5"}
[2026-08-22T03:54:41.073Z] [INGEST_BATCH] {"count":3}
[2026-08-22T03:54:41.078Z] [TRIAGE_COMPLETE] {"processingTimeMs":5,"topItemId":"evt_1787370881075_v733i"}
[2026-08-22T04:01:13.204Z] [INGEST_BATCH] {"count":3}
[2026-08-22T04:01:13.216Z] [TRIAGE_COMPLETE] {"processingTimeMs":12,"topItemId":"evt_1787371273208_xh7fy"}
[2026-08-22T04:01:17.725Z] [INGEST_BATCH] {"count":3}
[2026-08-22T04:01:17.729Z] [TRIAGE_COMPLETE] {"processingTimeMs":4,"topItemId":"evt_1787371277727_29l7v"}
[2026-08-22T04:13:12.203Z] [INGEST_BATCH] {"count":3}
[2026-08-22T04:13:12.211Z] [TRIAGE_COMPLETE] {"processingTimeMs":8,"topItemId":"evt_1787371992205_f1sk5"}
[2026-08-22T04:14:07.034Z] [INGEST_BATCH] {"count":3}
[2026-08-22T04:14:07.038Z] [TRIAGE_COMPLETE] {"processingTimeMs":4,"topItemId":"evt_1787371992205_f1sk5"}
